ecbx0500 SFBX0500 " T1Encoding ReEncodeFont " <cm-super-t1.enc <sfbx0500.pfb
ecbx0600 SFBX0600 " T1Encoding ReEncodeFont " <cm-super-t1.enc <sfbx0600.pfb
ecbx0700 SFBX0700 " T1Encoding ReEncodeFont " <cm-super-t1.enc <sfbx0700.pfb
ecbx0800 SFBX0800 " T1Encoding ReEncodeFont " <cm-super-t1.enc <sfbx0800.pfb
ecbx0900 SFBX0900 " T1Encoding ReEncodeFont " <cm-super-t1.enc <sfbx0900.pfb
ecbx1095 SFBX1095 " T1Encoding ReEncodeFont " <cm-super-t1.enc <sfbx1095.pfb
ecbx1200 SFBX1200 " T1Encoding ReEncodeFont " <cm-super-t1.enc <sfbx1200.pfb
ecbx1440 SFBX1440 " T1Encoding ReEncodeFont " <cm-super-t1.enc <sfbx1440.pfb
ecbx1728 SFBX1728 " T1Encoding ReEncodeFont " <cm-super-t1.enc <sfbx1728.pfb
ecbx2074 SFBX2074 " T1Encoding ReEncodeFont " <cm-super-t1.enc <sfbx2074.pfb
ecbx2488 SFBX2488 " T1Encoding ReEncodeFont " <cm-super-t1.enc <sfbx2488.pfb
eccc0500 SFCC0500 " T1Encoding ReEncodeFont " <cm-super-t1.enc <sfcc0500.pfb
eccc0600 SFCC0600 " T1Encoding ReEncodeFont " <cm-super-t1.enc <sfcc0600.pfb
eccc0700 SFCC0700 " T1Encoding ReEncodeFont " <cm-super-t1.enc <sfcc0700.pfb
eccc0800 SFCC0800 " T1Encoding ReEncodeFont " <cm-super-t1.enc <sfcc0800.pfb
eccc0900 SFCC0900 " T1Encoding ReEncodeFont " <cm-super-t1.enc <sfcc0900.pfb
eccc1095 SFCC1095 " T1Encoding ReEncodeFont " <cm-super-t1.enc <sfcc1095.pfb
eccc1200 SFCC1200 " T1Encoding ReEncodeFont " <cm-super-t1.enc <sfcc1200.pfb
eccc1440 SFCC1440 " T1Encoding ReEncodeFont " <cm-super-t1.enc <sfcc1440.pfb
eccc1728 SFCC1728 " T1Encoding ReEncodeFont " <cm-super-t1.enc <sfcc1728.pfb
eccc2074 SFCC2074 " T1Encoding ReEncodeFont " <cm-super-t1.enc <sfcc2074.pfb
eccc2488 SFCC2488 " T1Encoding ReEncodeFont " <cm-super-t1.enc <sfcc2488.pfb
ecrm0500 SFRM0500 " T1Encoding ReEncodeFont " <cm-super-t1.enc <sfrm0500.pfb
ecrm0600 SFRM0600 " T1Encoding ReEncodeFont " <cm-super-t1.enc <sfrm0600.pfb
ecrm0700 SFRM0700 " T1Encoding ReEncodeFont " <cm-super-t1.enc <sfrm0700.pfb
ecrm0800 SFRM0800 " T1Encoding ReEncodeFont " <cm-super-t1.enc <sfrm0800.pfb
ecrm0900 SFRM0900 " T1Encoding ReEncodeFont " <cm-super-t1.enc <sfrm0900.pfb
ecrm1095 SFRM1095 " T1Encoding ReEncodeFont " <cm-super-t1.enc <sfrm1095.pfb
ecrm1200 SFRM1200 " T1Encoding ReEncodeFont " <cm-super-t1.enc <sfrm1200.pfb
ecrm1440 SFRM1440 " T1Encoding ReEncodeFont " <cm-super-t1.enc <sfrm1440.pfb
ecrm1728 SFRM1728 " T1Encoding ReEncodeFont " <cm-super-t1.enc <sfrm1728.pfb
ecrm2074 SFRM2074 " T1Encoding ReEncodeFont " <cm-super-t1.enc <sfrm2074.pfb
ecrm2488 SFRM2488 " T1Encoding ReEncodeFont " <cm-super-t1.enc <sfrm2488.pfb
ecsi0800 SFSI0800 " T1Encoding ReEncodeFont " <cm-super-t1.enc <sfsi0800.pfb
ecsi0900 SFSI0900 " T1Encoding ReEncodeFont " <cm-super-t1.enc <sfsi0900.pfb
ecsi1095 SFSI1095 " T1Encoding ReEncodeFont " <cm-super-t1.enc <sfsi1095.pfb
ecsi1200 SFSI1200 " T1Encoding ReEncodeFont " <cm-super-t1.enc <sfsi1200.pfb
ecsi1440 SFSI1440 " T1Encoding ReEncodeFont " <cm-super-t1.enc <sfsi1440.pfb
ecsi1728 SFSI1728 " T1Encoding ReEncodeFont " <cm-super-t1.enc <sfsi1728.pfb
ecsi2074 SFSI2074 " T1Encoding ReEncodeFont " <cm-super-t1.enc <sfsi2074.pfb
ecsi2488 SFSI2488 " T1Encoding ReEncodeFont " <cm-super-t1.enc <sfsi2488.pfb
ecss0500 SFSS0500 " T1Encoding ReEncodeFont " <cm-super-t1.enc <sfss0500.pfb
ecss0600 SFSS0600 " T1Encoding ReEncodeFont " <cm-super-t1.enc <sfss0600.pfb
ecss0700 SFSS0700 " T1Encoding ReEncodeFont " <cm-super-t1.enc <sfss0700.pfb
ecss0800 SFSS0800 " T1Encoding ReEncodeFont " <cm-super-t1.enc <sfss0800.pfb
ecss0900 SFSS0900 " T1Encoding ReEncodeFont " <cm-super-t1.enc <sfss0900.pfb
ecss1095 SFSS1095 " T1Encoding ReEncodeFont " <cm-super-t1.enc <sfss1095.pfb
ecss1200 SFSS1200 " T1Encoding ReEncodeFont " <cm-super-t1.enc <sfss1200.pfb
ecss1440 SFSS1440 " T1Encoding ReEncodeFont " <cm-super-t1.enc <sfss1440.pfb
ecss1728 SFSS1728 " T1Encoding ReEncodeFont " <cm-super-t1.enc <sfss1728.pfb
ecss2074 SFSS2074 " T1Encoding ReEncodeFont " <cm-super-t1.enc <sfss2074.pfb
ecss2488 SFSS2488 " T1Encoding ReEncodeFont " <cm-super-t1.enc <sfss2488.pfb
ecsx0800 SFSX0800 " T1Encoding ReEncodeFont " <cm-super-t1.enc <sfsx0800.pfb
ecsx0900 SFSX0900 " T1Encoding ReEncodeFont " <cm-super-t1.enc <sfsx0900.pfb
ecsx1095 SFSX1095 " T1Encoding ReEncodeFont " <cm-super-t1.enc <sfsx1095.pfb
ecsx1200 SFSX1200 " T1Encoding ReEncodeFont " <cm-super-t1.enc <sfsx1200.pfb
ecsx1440 SFSX1440 " T1Encoding ReEncodeFont " <cm-super-t1.enc <sfsx1440.pfb
ecsx1728 SFSX1728 " T1Encoding ReEncodeFont " <cm-super-t1.enc <sfsx1728.pfb
ecsx2074 SFSX2074 " T1Encoding ReEncodeFont " <cm-super-t1.enc <sfsx2074.pfb
ecsx2488 SFSX2488 " T1Encoding ReEncodeFont " <cm-super-t1.enc <sfsx2488.pfb
ecti0500 SFTI0500 " T1Encoding ReEncodeFont " <cm-super-t1.enc <sfti0500.pfb
ecti0600 SFTI0600 " T1Encoding ReEncodeFont " <cm-super-t1.enc <sfti0600.pfb
ecti0700 SFTI0700 " T1Encoding ReEncodeFont " <cm-super-t1.enc <sfti0700.pfb
ecti0800 SFTI0800 " T1Encoding ReEncodeFont " <cm-super-t1.enc <sfti0800.pfb
ecti0900 SFTI0900 " T1Encoding ReEncodeFont " <cm-super-t1.enc <sfti0900.pfb
ecti1095 SFTI1095 " T1Encoding ReEncodeFont " <cm-super-t1.enc <sfti1095.pfb
ecti1200 SFTI1200 " T1Encoding ReEncodeFont " <cm-super-t1.enc <sfti1200.pfb
ecti1440 SFTI1440 " T1Encoding ReEncodeFont " <cm-super-t1.enc <sfti1440.pfb
ecti1728 SFTI1728 " T1Encoding ReEncodeFont " <cm-super-t1.enc <sfti1728.pfb
ecti2074 SFTI2074 " T1Encoding ReEncodeFont " <cm-super-t1.enc <sfti2074.pfb
ecti2488 SFTI2488 " T1Encoding ReEncodeFont " <cm-super-t1.enc <sfti2488.pfb
ecxc2488 SFXC2488 " T1Encoding ReEncodeFont " <cm-super-t1.enc <sfxc2488.pfb
labx0500 SFBX0500 " T2AEncoding ReEncodeFont " <cm-super-t2a.enc <sfbx0500.pfb
labx0600 SFBX0600 " T2AEncoding ReEncodeFont " <cm-super-t2a.enc <sfbx0600.pfb
labx0700 SFBX0700 " T2AEncoding ReEncodeFont " <cm-super-t2a.enc <sfbx0700.pfb
labx0800 SFBX0800 " T2AEncoding ReEncodeFont " <cm-super-t2a.enc <sfbx0800.pfb
labx0900 SFBX0900 " T2AEncoding ReEncodeFont " <cm-super-t2a.enc <sfbx0900.pfb
labx1095 SFBX1095 " T2AEncoding ReEncodeFont " <cm-super-t2a.enc <sfbx1095.pfb
labx1200 SFBX1200 " T2AEncoding ReEncodeFont " <cm-super-t2a.enc <sfbx1200.pfb
labx1440 SFBX1440 " T2AEncoding ReEncodeFont " <cm-super-t2a.enc <sfbx1440.pfb
labx1728 SFBX1728 " T2AEncoding ReEncodeFont " <cm-super-t2a.enc <sfbx1728.pfb
labx2074 SFBX2074 " T2AEncoding ReEncodeFont " <cm-super-t2a.enc <sfbx2074.pfb
labx2488 SFBX2488 " T2AEncoding ReEncodeFont " <cm-super-t2a.enc <sfbx2488.pfb
lacc0500 SFCC0500 " T2AEncoding ReEncodeFont " <cm-super-t2a.enc <sfcc0500.pfb
lacc0600 SFCC0600 " T2AEncoding ReEncodeFont " <cm-super-t2a.enc <sfcc0600.pfb
lacc0700 SFCC0700 " T2AEncoding ReEncodeFont " <cm-super-t2a.enc <sfcc0700.pfb
lacc0800 SFCC0800 " T2AEncoding ReEncodeFont " <cm-super-t2a.enc <sfcc0800.pfb
lacc0900 SFCC0900 " T2AEncoding ReEncodeFont " <cm-super-t2a.enc <sfcc0900.pfb
lacc1095 SFCC1095 " T2AEncoding ReEncodeFont " <cm-super-t2a.enc <sfcc1095.pfb
lacc1200 SFCC1200 " T2AEncoding ReEncodeFont " <cm-super-t2a.enc <sfcc1200.pfb
lacc1440 SFCC1440 " T2AEncoding ReEncodeFont " <cm-super-t2a.enc <sfcc1440.pfb
lacc1728 SFCC1728 " T2AEncoding ReEncodeFont " <cm-super-t2a.enc <sfcc1728.pfb
lacc2074 SFCC2074 " T2AEncoding ReEncodeFont " <cm-super-t2a.enc <sfcc2074.pfb
lacc2488 SFCC2488 " T2AEncoding ReEncodeFont " <cm-super-t2a.enc <sfcc2488.pfb
larm0500 SFRM0500 " T2AEncoding ReEncodeFont " <cm-super-t2a.enc <sfrm0500.pfb
larm0600 SFRM0600 " T2AEncoding ReEncodeFont " <cm-super-t2a.enc <sfrm0600.pfb
larm0700 SFRM0700 " T2AEncoding ReEncodeFont " <cm-super-t2a.enc <sfrm0700.pfb
larm0800 SFRM0800 " T2AEncoding ReEncodeFont " <cm-super-t2a.enc <sfrm0800.pfb
larm0900 SFRM0900 " T2AEncoding ReEncodeFont " <cm-super-t2a.enc <sfrm0900.pfb
larm1095 SFRM1095 " T2AEncoding ReEncodeFont " <cm-super-t2a.enc <sfrm1095.pfb
larm1200 SFRM1200 " T2AEncoding ReEncodeFont " <cm-super-t2a.enc <sfrm1200.pfb
larm1440 SFRM1440 " T2AEncoding ReEncodeFont " <cm-super-t2a.enc <sfrm1440.pfb
larm1728 SFRM1728 " T2AEncoding ReEncodeFont " <cm-super-t2a.enc <sfrm1728.pfb
larm2074 SFRM2074 " T2AEncoding ReEncodeFont " <cm-super-t2a.enc <sfrm2074.pfb
larm2488 SFRM2488 " T2AEncoding ReEncodeFont " <cm-super-t2a.enc <sfrm2488.pfb
lasi0800 SFSI0800 " T2AEncoding ReEncodeFont " <cm-super-t2a.enc <sfsi0800.pfb
lasi0900 SFSI0900 " T2AEncoding ReEncodeFont " <cm-super-t2a.enc <sfsi0900.pfb
lasi1095 SFSI1095 " T2AEncoding ReEncodeFont " <cm-super-t2a.enc <sfsi1095.pfb
lasi1200 SFSI1200 " T2AEncoding ReEncodeFont " <cm-super-t2a.enc <sfsi1200.pfb
lasi1440 SFSI1440 " T2AEncoding ReEncodeFont " <cm-super-t2a.enc <sfsi1440.pfb
lasi1728 SFSI1728 " T2AEncoding ReEncodeFont " <cm-super-t2a.enc <sfsi1728.pfb
lasi2074 SFSI2074 " T2AEncoding ReEncodeFont " <cm-super-t2a.enc <sfsi2074.pfb
lasi2488 SFSI2488 " T2AEncoding ReEncodeFont " <cm-super-t2a.enc <sfsi2488.pfb
lass0500 SFSS0500 " T2AEncoding ReEncodeFont " <cm-super-t2a.enc <sfss0500.pfb
lass0600 SFSS0600 " T2AEncoding ReEncodeFont " <cm-super-t2a.enc <sfss0600.pfb
lass0700 SFSS0700 " T2AEncoding ReEncodeFont " <cm-super-t2a.enc <sfss0700.pfb
lass0800 SFSS0800 " T2AEncoding ReEncodeFont " <cm-super-t2a.enc <sfss0800.pfb
lass0900 SFSS0900 " T2AEncoding ReEncodeFont " <cm-super-t2a.enc <sfss0900.pfb
lass1095 SFSS1095 " T2AEncoding ReEncodeFont " <cm-super-t2a.enc <sfss1095.pfb
lass1200 SFSS1200 " T2AEncoding ReEncodeFont " <cm-super-t2a.enc <sfss1200.pfb
lass1440 SFSS1440 " T2AEncoding ReEncodeFont " <cm-super-t2a.enc <sfss1440.pfb
lass1728 SFSS1728 " T2AEncoding ReEncodeFont " <cm-super-t2a.enc <sfss1728.pfb
lass2074 SFSS2074 " T2AEncoding ReEncodeFont " <cm-super-t2a.enc <sfss2074.pfb
lass2488 SFSS2488 " T2AEncoding ReEncodeFont " <cm-super-t2a.enc <sfss2488.pfb
lasx0800 SFSX0800 " T2AEncoding ReEncodeFont " <cm-super-t2a.enc <sfsx0800.pfb
lasx0900 SFSX0900 " T2AEncoding ReEncodeFont " <cm-super-t2a.enc <sfsx0900.pfb
lasx1095 SFSX1095 " T2AEncoding ReEncodeFont " <cm-super-t2a.enc <sfsx1095.pfb
lasx1200 SFSX1200 " T2AEncoding ReEncodeFont " <cm-super-t2a.enc <sfsx1200.pfb
lasx1440 SFSX1440 " T2AEncoding ReEncodeFont " <cm-super-t2a.enc <sfsx1440.pfb
lasx1728 SFSX1728 " T2AEncoding ReEncodeFont " <cm-super-t2a.enc <sfsx1728.pfb
lasx2074 SFSX2074 " T2AEncoding ReEncodeFont " <cm-super-t2a.enc <sfsx2074.pfb
lasx2488 SFSX2488 " T2AEncoding ReEncodeFont " <cm-super-t2a.enc <sfsx2488.pfb
lati0500 SFTI0500 " T2AEncoding ReEncodeFont " <cm-super-t2a.enc <sfti0500.pfb
lati0600 SFTI0600 " T2AEncoding ReEncodeFont " <cm-super-t2a.enc <sfti0600.pfb
lati0700 SFTI0700 " T2AEncoding ReEncodeFont " <cm-super-t2a.enc <sfti0700.pfb
lati0800 SFTI0800 " T2AEncoding ReEncodeFont " <cm-super-t2a.enc <sfti0800.pfb
lati0900 SFTI0900 " T2AEncoding ReEncodeFont " <cm-super-t2a.enc <sfti0900.pfb
lati1095 SFTI1095 " T2AEncoding ReEncodeFont " <cm-super-t2a.enc <sfti1095.pfb
lati1200 SFTI1200 " T2AEncoding ReEncodeFont " <cm-super-t2a.enc <sfti1200.pfb
lati1440 SFTI1440 " T2AEncoding ReEncodeFont " <cm-super-t2a.enc <sfti1440.pfb
lati1728 SFTI1728 " T2AEncoding ReEncodeFont " <cm-super-t2a.enc <sfti1728.pfb
lati2074 SFTI2074 " T2AEncoding ReEncodeFont " <cm-super-t2a.enc <sfti2074.pfb
lati2488 SFTI2488 " T2AEncoding ReEncodeFont " <cm-super-t2a.enc <sfti2488.pfb
laxc2488 SFXC2488 " T2AEncoding ReEncodeFont " <cm-super-t2a.enc <sfxc2488.pfb
lbbx0500 SFBX0500 " T2BEncoding ReEncodeFont " <cm-super-t2b.enc <sfbx0500.pfb
lbbx0600 SFBX0600 " T2BEncoding ReEncodeFont " <cm-super-t2b.enc <sfbx0600.pfb
lbbx0700 SFBX0700 " T2BEncoding ReEncodeFont " <cm-super-t2b.enc <sfbx0700.pfb
lbbx0800 SFBX0800 " T2BEncoding ReEncodeFont " <cm-super-t2b.enc <sfbx0800.pfb
lbbx0900 SFBX0900 " T2BEncoding ReEncodeFont " <cm-super-t2b.enc <sfbx0900.pfb
lbbx1095 SFBX1095 " T2BEncoding ReEncodeFont " <cm-super-t2b.enc <sfbx1095.pfb
lbbx1200 SFBX1200 " T2BEncoding ReEncodeFont " <cm-super-t2b.enc <sfbx1200.pfb
lbbx1440 SFBX1440 " T2BEncoding ReEncodeFont " <cm-super-t2b.enc <sfbx1440.pfb
lbbx1728 SFBX1728 " T2BEncoding ReEncodeFont " <cm-super-t2b.enc <sfbx1728.pfb
lbbx2074 SFBX2074 " T2BEncoding ReEncodeFont " <cm-super-t2b.enc <sfbx2074.pfb
lbbx2488 SFBX2488 " T2BEncoding ReEncodeFont " <cm-super-t2b.enc <sfbx2488.pfb
lbcc0500 SFCC0500 " T2BEncoding ReEncodeFont " <cm-super-t2b.enc <sfcc0500.pfb
lbcc0600 SFCC0600 " T2BEncoding ReEncodeFont " <cm-super-t2b.enc <sfcc0600.pfb
lbcc0700 SFCC0700 " T2BEncoding ReEncodeFont " <cm-super-t2b.enc <sfcc0700.pfb
lbcc0800 SFCC0800 " T2BEncoding ReEncodeFont " <cm-super-t2b.enc <sfcc0800.pfb
lbcc0900 SFCC0900 " T2BEncoding ReEncodeFont " <cm-super-t2b.enc <sfcc0900.pfb
lbcc1095 SFCC1095 " T2BEncoding ReEncodeFont " <cm-super-t2b.enc <sfcc1095.pfb
lbcc1200 SFCC1200 " T2BEncoding ReEncodeFont " <cm-super-t2b.enc <sfcc1200.pfb
lbcc1440 SFCC1440 " T2BEncoding ReEncodeFont " <cm-super-t2b.enc <sfcc1440.pfb
lbcc1728 SFCC1728 " T2BEncoding ReEncodeFont " <cm-super-t2b.enc <sfcc1728.pfb
lbcc2074 SFCC2074 " T2BEncoding ReEncodeFont " <cm-super-t2b.enc <sfcc2074.pfb
lbcc2488 SFCC2488 " T2BEncoding ReEncodeFont " <cm-super-t2b.enc <sfcc2488.pfb
lbrm0500 SFRM0500 " T2BEncoding ReEncodeFont " <cm-super-t2b.enc <sfrm0500.pfb
lbrm0600 SFRM0600 " T2BEncoding ReEncodeFont " <cm-super-t2b.enc <sfrm0600.pfb
lbrm0700 SFRM0700 " T2BEncoding ReEncodeFont " <cm-super-t2b.enc <sfrm0700.pfb
lbrm0800 SFRM0800 " T2BEncoding ReEncodeFont " <cm-super-t2b.enc <sfrm0800.pfb
lbrm0900 SFRM0900 " T2BEncoding ReEncodeFont " <cm-super-t2b.enc <sfrm0900.pfb
lbrm1095 SFRM1095 " T2BEncoding ReEncodeFont " <cm-super-t2b.enc <sfrm1095.pfb
lbrm1200 SFRM1200 " T2BEncoding ReEncodeFont " <cm-super-t2b.enc <sfrm1200.pfb
lbrm1440 SFRM1440 " T2BEncoding ReEncodeFont " <cm-super-t2b.enc <sfrm1440.pfb
lbrm1728 SFRM1728 " T2BEncoding ReEncodeFont " <cm-super-t2b.enc <sfrm1728.pfb
lbrm2074 SFRM2074 " T2BEncoding ReEncodeFont " <cm-super-t2b.enc <sfrm2074.pfb
lbrm2488 SFRM2488 " T2BEncoding ReEncodeFont " <cm-super-t2b.enc <sfrm2488.pfb
lbsi0800 SFSI0800 " T2BEncoding ReEncodeFont " <cm-super-t2b.enc <sfsi0800.pfb
lbsi0900 SFSI0900 " T2BEncoding ReEncodeFont " <cm-super-t2b.enc <sfsi0900.pfb
lbsi1095 SFSI1095 " T2BEncoding ReEncodeFont " <cm-super-t2b.enc <sfsi1095.pfb
lbsi1200 SFSI1200 " T2BEncoding ReEncodeFont " <cm-super-t2b.enc <sfsi1200.pfb
lbsi1440 SFSI1440 " T2BEncoding ReEncodeFont " <cm-super-t2b.enc <sfsi1440.pfb
lbsi1728 SFSI1728 " T2BEncoding ReEncodeFont " <cm-super-t2b.enc <sfsi1728.pfb
lbsi2074 SFSI2074 " T2BEncoding ReEncodeFont " <cm-super-t2b.enc <sfsi2074.pfb
lbsi2488 SFSI2488 " T2BEncoding ReEncodeFont " <cm-super-t2b.enc <sfsi2488.pfb
lbss0500 SFSS0500 " T2BEncoding ReEncodeFont " <cm-super-t2b.enc <sfss0500.pfb
lbss0600 SFSS0600 " T2BEncoding ReEncodeFont " <cm-super-t2b.enc <sfss0600.pfb
lbss0700 SFSS0700 " T2BEncoding ReEncodeFont " <cm-super-t2b.enc <sfss0700.pfb
lbss0800 SFSS0800 " T2BEncoding ReEncodeFont " <cm-super-t2b.enc <sfss0800.pfb
lbss0900 SFSS0900 " T2BEncoding ReEncodeFont " <cm-super-t2b.enc <sfss0900.pfb
lbss1095 SFSS1095 " T2BEncoding ReEncodeFont " <cm-super-t2b.enc <sfss1095.pfb
lbss1200 SFSS1200 " T2BEncoding ReEncodeFont " <cm-super-t2b.enc <sfss1200.pfb
lbss1440 SFSS1440 " T2BEncoding ReEncodeFont " <cm-super-t2b.enc <sfss1440.pfb
lbss1728 SFSS1728 " T2BEncoding ReEncodeFont " <cm-super-t2b.enc <sfss1728.pfb
lbss2074 SFSS2074 " T2BEncoding ReEncodeFont " <cm-super-t2b.enc <sfss2074.pfb
lbss2488 SFSS2488 " T2BEncoding ReEncodeFont " <cm-super-t2b.enc <sfss2488.pfb
lbsx0800 SFSX0800 " T2BEncoding ReEncodeFont " <cm-super-t2b.enc <sfsx0800.pfb
lbsx0900 SFSX0900 " T2BEncoding ReEncodeFont " <cm-super-t2b.enc <sfsx0900.pfb
lbsx1095 SFSX1095 " T2BEncoding ReEncodeFont " <cm-super-t2b.enc <sfsx1095.pfb
lbsx1200 SFSX1200 " T2BEncoding ReEncodeFont " <cm-super-t2b.enc <sfsx1200.pfb
lbsx1440 SFSX1440 " T2BEncoding ReEncodeFont " <cm-super-t2b.enc <sfsx1440.pfb
lbsx1728 SFSX1728 " T2BEncoding ReEncodeFont " <cm-super-t2b.enc <sfsx1728.pfb
lbsx2074 SFSX2074 " T2BEncoding ReEncodeFont " <cm-super-t2b.enc <sfsx2074.pfb
lbsx2488 SFSX2488 " T2BEncoding ReEncodeFont " <cm-super-t2b.enc <sfsx2488.pfb
lbti0500 SFTI0500 " T2BEncoding ReEncodeFont " <cm-super-t2b.enc <sfti0500.pfb
lbti0600 SFTI0600 " T2BEncoding ReEncodeFont " <cm-super-t2b.enc <sfti0600.pfb
lbti0700 SFTI0700 " T2BEncoding ReEncodeFont " <cm-super-t2b.enc <sfti0700.pfb
lbti0800 SFTI0800 " T2BEncoding ReEncodeFont " <cm-super-t2b.enc <sfti0800.pfb
lbti0900 SFTI0900 " T2BEncoding ReEncodeFont " <cm-super-t2b.enc <sfti0900.pfb
lbti1095 SFTI1095 " T2BEncoding ReEncodeFont " <cm-super-t2b.enc <sfti1095.pfb
lbti1200 SFTI1200 " T2BEncoding ReEncodeFont " <cm-super-t2b.enc <sfti1200.pfb
lbti1440 SFTI1440 " T2BEncoding ReEncodeFont " <cm-super-t2b.enc <sfti1440.pfb
lbti1728 SFTI1728 " T2BEncoding ReEncodeFont " <cm-super-t2b.enc <sfti1728.pfb
lbti2074 SFTI2074 " T2BEncoding ReEncodeFont " <cm-super-t2b.enc <sfti2074.pfb
lbti2488 SFTI2488 " T2BEncoding ReEncodeFont " <cm-super-t2b.enc <sfti2488.pfb
lbxc2488 SFXC2488 " T2BEncoding ReEncodeFont " <cm-super-t2b.enc <sfxc2488.pfb
lcbx0500 SFBX0500 " T2CEncoding ReEncodeFont " <cm-super-t2c.enc <sfbx0500.pfb
lcbx0600 SFBX0600 " T2CEncoding ReEncodeFont " <cm-super-t2c.enc <sfbx0600.pfb
lcbx0700 SFBX0700 " T2CEncoding ReEncodeFont " <cm-super-t2c.enc <sfbx0700.pfb
lcbx0800 SFBX0800 " T2CEncoding ReEncodeFont " <cm-super-t2c.enc <sfbx0800.pfb
lcbx0900 SFBX0900 " T2CEncoding ReEncodeFont " <cm-super-t2c.enc <sfbx0900.pfb
lcbx1095 SFBX1095 " T2CEncoding ReEncodeFont " <cm-super-t2c.enc <sfbx1095.pfb
lcbx1200 SFBX1200 " T2CEncoding ReEncodeFont " <cm-super-t2c.enc <sfbx1200.pfb
lcbx1440 SFBX1440 " T2CEncoding ReEncodeFont " <cm-super-t2c.enc <sfbx1440.pfb
lcbx1728 SFBX1728 " T2CEncoding ReEncodeFont " <cm-super-t2c.enc <sfbx1728.pfb
lcbx2074 SFBX2074 " T2CEncoding ReEncodeFont " <cm-super-t2c.enc <sfbx2074.pfb
lcbx2488 SFBX2488 " T2CEncoding ReEncodeFont " <cm-super-t2c.enc <sfbx2488.pfb
lccc0500 SFCC0500 " T2CEncoding ReEncodeFont " <cm-super-t2c.enc <sfcc0500.pfb
lccc0600 SFCC0600 " T2CEncoding ReEncodeFont " <cm-super-t2c.enc <sfcc0600.pfb
lccc0700 SFCC0700 " T2CEncoding ReEncodeFont " <cm-super-t2c.enc <sfcc0700.pfb
lccc0800 SFCC0800 " T2CEncoding ReEncodeFont " <cm-super-t2c.enc <sfcc0800.pfb
lccc0900 SFCC0900 " T2CEncoding ReEncodeFont " <cm-super-t2c.enc <sfcc0900.pfb
lccc1095 SFCC1095 " T2CEncoding ReEncodeFont " <cm-super-t2c.enc <sfcc1095.pfb
lccc1200 SFCC1200 " T2CEncoding ReEncodeFont " <cm-super-t2c.enc <sfcc1200.pfb
lccc1440 SFCC1440 " T2CEncoding ReEncodeFont " <cm-super-t2c.enc <sfcc1440.pfb
lccc1728 SFCC1728 " T2CEncoding ReEncodeFont " <cm-super-t2c.enc <sfcc1728.pfb
lccc2074 SFCC2074 " T2CEncoding ReEncodeFont " <cm-super-t2c.enc <sfcc2074.pfb
lccc2488 SFCC2488 " T2CEncoding ReEncodeFont " <cm-super-t2c.enc <sfcc2488.pfb
lcrm0500 SFRM0500 " T2CEncoding ReEncodeFont " <cm-super-t2c.enc <sfrm0500.pfb
lcrm0600 SFRM0600 " T2CEncoding ReEncodeFont " <cm-super-t2c.enc <sfrm0600.pfb
lcrm0700 SFRM0700 " T2CEncoding ReEncodeFont " <cm-super-t2c.enc <sfrm0700.pfb
lcrm0800 SFRM0800 " T2CEncoding ReEncodeFont " <cm-super-t2c.enc <sfrm0800.pfb
lcrm0900 SFRM0900 " T2CEncoding ReEncodeFont " <cm-super-t2c.enc <sfrm0900.pfb
lcrm1095 SFRM1095 " T2CEncoding ReEncodeFont " <cm-super-t2c.enc <sfrm1095.pfb
lcrm1200 SFRM1200 " T2CEncoding ReEncodeFont " <cm-super-t2c.enc <sfrm1200.pfb
lcrm1440 SFRM1440 " T2CEncoding ReEncodeFont " <cm-super-t2c.enc <sfrm1440.pfb
lcrm1728 SFRM1728 " T2CEncoding ReEncodeFont " <cm-super-t2c.enc <sfrm1728.pfb
lcrm2074 SFRM2074 " T2CEncoding ReEncodeFont " <cm-super-t2c.enc <sfrm2074.pfb
lcrm2488 SFRM2488 " T2CEncoding ReEncodeFont " <cm-super-t2c.enc <sfrm2488.pfb
lcsi0800 SFSI0800 " T2CEncoding ReEncodeFont " <cm-super-t2c.enc <sfsi0800.pfb
lcsi0900 SFSI0900 " T2CEncoding ReEncodeFont " <cm-super-t2c.enc <sfsi0900.pfb
lcsi1095 SFSI1095 " T2CEncoding ReEncodeFont " <cm-super-t2c.enc <sfsi1095.pfb
lcsi1200 SFSI1200 " T2CEncoding ReEncodeFont " <cm-super-t2c.enc <sfsi1200.pfb
lcsi1440 SFSI1440 " T2CEncoding ReEncodeFont " <cm-super-t2c.enc <sfsi1440.pfb
lcsi1728 SFSI1728 " T2CEncoding ReEncodeFont " <cm-super-t2c.enc <sfsi1728.pfb
lcsi2074 SFSI2074 " T2CEncoding ReEncodeFont " <cm-super-t2c.enc <sfsi2074.pfb
lcsi2488 SFSI2488 " T2CEncoding ReEncodeFont " <cm-super-t2c.enc <sfsi2488.pfb
lcss0500 SFSS0500 " T2CEncoding ReEncodeFont " <cm-super-t2c.enc <sfss0500.pfb
lcss0600 SFSS0600 " T2CEncoding ReEncodeFont " <cm-super-t2c.enc <sfss0600.pfb
lcss0700 SFSS0700 " T2CEncoding ReEncodeFont " <cm-super-t2c.enc <sfss0700.pfb
lcss0800 SFSS0800 " T2CEncoding ReEncodeFont " <cm-super-t2c.enc <sfss0800.pfb
lcss0900 SFSS0900 " T2CEncoding ReEncodeFont " <cm-super-t2c.enc <sfss0900.pfb
lcss1095 SFSS1095 " T2CEncoding ReEncodeFont " <cm-super-t2c.enc <sfss1095.pfb
lcss1200 SFSS1200 " T2CEncoding ReEncodeFont " <cm-super-t2c.enc <sfss1200.pfb
lcss1440 SFSS1440 " T2CEncoding ReEncodeFont " <cm-super-t2c.enc <sfss1440.pfb
lcss1728 SFSS1728 " T2CEncoding ReEncodeFont " <cm-super-t2c.enc <sfss1728.pfb
lcss2074 SFSS2074 " T2CEncoding ReEncodeFont " <cm-super-t2c.enc <sfss2074.pfb
lcss2488 SFSS2488 " T2CEncoding ReEncodeFont " <cm-super-t2c.enc <sfss2488.pfb
lcsx0800 SFSX0800 " T2CEncoding ReEncodeFont " <cm-super-t2c.enc <sfsx0800.pfb
lcsx0900 SFSX0900 " T2CEncoding ReEncodeFont " <cm-super-t2c.enc <sfsx0900.pfb
lcsx1095 SFSX1095 " T2CEncoding ReEncodeFont " <cm-super-t2c.enc <sfsx1095.pfb
lcsx1200 SFSX1200 " T2CEncoding ReEncodeFont " <cm-super-t2c.enc <sfsx1200.pfb
lcsx1440 SFSX1440 " T2CEncoding ReEncodeFont " <cm-super-t2c.enc <sfsx1440.pfb
lcsx1728 SFSX1728 " T2CEncoding ReEncodeFont " <cm-super-t2c.enc <sfsx1728.pfb
lcsx2074 SFSX2074 " T2CEncoding ReEncodeFont " <cm-super-t2c.enc <sfsx2074.pfb
lcsx2488 SFSX2488 " T2CEncoding ReEncodeFont " <cm-super-t2c.enc <sfsx2488.pfb
lcti0500 SFTI0500 " T2CEncoding ReEncodeFont " <cm-super-t2c.enc <sfti0500.pfb
lcti0600 SFTI0600 " T2CEncoding ReEncodeFont " <cm-super-t2c.enc <sfti0600.pfb
lcti0700 SFTI0700 " T2CEncoding ReEncodeFont " <cm-super-t2c.enc <sfti0700.pfb
lcti0800 SFTI0800 " T2CEncoding ReEncodeFont " <cm-super-t2c.enc <sfti0800.pfb
lcti0900 SFTI0900 " T2CEncoding ReEncodeFont " <cm-super-t2c.enc <sfti0900.pfb
lcti1095 SFTI1095 " T2CEncoding ReEncodeFont " <cm-super-t2c.enc <sfti1095.pfb
lcti1200 SFTI1200 " T2CEncoding ReEncodeFont " <cm-super-t2c.enc <sfti1200.pfb
lcti1440 SFTI1440 " T2CEncoding ReEncodeFont " <cm-super-t2c.enc <sfti1440.pfb
lcti1728 SFTI1728 " T2CEncoding ReEncodeFont " <cm-super-t2c.enc <sfti1728.pfb
lcti2074 SFTI2074 " T2CEncoding ReEncodeFont " <cm-super-t2c.enc <sfti2074.pfb
lcti2488 SFTI2488 " T2CEncoding ReEncodeFont " <cm-super-t2c.enc <sfti2488.pfb
lcxc2488 SFXC2488 " T2CEncoding ReEncodeFont " <cm-super-t2c.enc <sfxc2488.pfb
tcbx0500 SFBX0500 " TS1Encoding ReEncodeFont " <cm-super-ts1.enc <sfbx0500.pfb
tcbx0600 SFBX0600 " TS1Encoding ReEncodeFont " <cm-super-ts1.enc <sfbx0600.pfb
tcbx0700 SFBX0700 " TS1Encoding ReEncodeFont " <cm-super-ts1.enc <sfbx0700.pfb
tcbx0800 SFBX0800 " TS1Encoding ReEncodeFont " <cm-super-ts1.enc <sfbx0800.pfb
tcbx0900 SFBX0900 " TS1Encoding ReEncodeFont " <cm-super-ts1.enc <sfbx0900.pfb
tcbx1095 SFBX1095 " TS1Encoding ReEncodeFont " <cm-super-ts1.enc <sfbx1095.pfb
tcbx1200 SFBX1200 " TS1Encoding ReEncodeFont " <cm-super-ts1.enc <sfbx1200.pfb
tcbx1440 SFBX1440 " TS1Encoding ReEncodeFont " <cm-super-ts1.enc <sfbx1440.pfb
tcbx1728 SFBX1728 " TS1Encoding ReEncodeFont " <cm-super-ts1.enc <sfbx1728.pfb
tcbx2074 SFBX2074 " TS1Encoding ReEncodeFont " <cm-super-ts1.enc <sfbx2074.pfb
tcbx2488 SFBX2488 " TS1Encoding ReEncodeFont " <cm-super-ts1.enc <sfbx2488.pfb
tcrm0500 SFRM0500 " TS1Encoding ReEncodeFont " <cm-super-ts1.enc <sfrm0500.pfb
tcrm0600 SFRM0600 " TS1Encoding ReEncodeFont " <cm-super-ts1.enc <sfrm0600.pfb
tcrm0700 SFRM0700 " TS1Encoding ReEncodeFont " <cm-super-ts1.enc <sfrm0700.pfb
tcrm0800 SFRM0800 " TS1Encoding ReEncodeFont " <cm-super-ts1.enc <sfrm0800.pfb
tcrm0900 SFRM0900 " TS1Encoding ReEncodeFont " <cm-super-ts1.enc <sfrm0900.pfb
tcrm1095 SFRM1095 " TS1Encoding ReEncodeFont " <cm-super-ts1.enc <sfrm1095.pfb
tcrm1200 SFRM1200 " TS1Encoding ReEncodeFont " <cm-super-ts1.enc <sfrm1200.pfb
tcrm1440 SFRM1440 " TS1Encoding ReEncodeFont " <cm-super-ts1.enc <sfrm1440.pfb
tcrm1728 SFRM1728 " TS1Encoding ReEncodeFont " <cm-super-ts1.enc <sfrm1728.pfb
tcrm2074 SFRM2074 " TS1Encoding ReEncodeFont " <cm-super-ts1.enc <sfrm2074.pfb
tcrm2488 SFRM2488 " TS1Encoding ReEncodeFont " <cm-super-ts1.enc <sfrm2488.pfb
tcsi0800 SFSI0800 " TS1Encoding ReEncodeFont " <cm-super-ts1.enc <sfsi0800.pfb
tcsi0900 SFSI0900 " TS1Encoding ReEncodeFont " <cm-super-ts1.enc <sfsi0900.pfb
tcsi1095 SFSI1095 " TS1Encoding ReEncodeFont " <cm-super-ts1.enc <sfsi1095.pfb
tcsi1200 SFSI1200 " TS1Encoding ReEncodeFont " <cm-super-ts1.enc <sfsi1200.pfb
tcsi1440 SFSI1440 " TS1Encoding ReEncodeFont " <cm-super-ts1.enc <sfsi1440.pfb
tcsi1728 SFSI1728 " TS1Encoding ReEncodeFont " <cm-super-ts1.enc <sfsi1728.pfb
tcsi2074 SFSI2074 " TS1Encoding ReEncodeFont " <cm-super-ts1.enc <sfsi2074.pfb
tcsi2488 SFSI2488 " TS1Encoding ReEncodeFont " <cm-super-ts1.enc <sfsi2488.pfb
tcss0500 SFSS0500 " TS1Encoding ReEncodeFont " <cm-super-ts1.enc <sfss0500.pfb
tcss0600 SFSS0600 " TS1Encoding ReEncodeFont " <cm-super-ts1.enc <sfss0600.pfb
tcss0700 SFSS0700 " TS1Encoding ReEncodeFont " <cm-super-ts1.enc <sfss0700.pfb
tcss0800 SFSS0800 " TS1Encoding ReEncodeFont " <cm-super-ts1.enc <sfss0800.pfb
tcss0900 SFSS0900 " TS1Encoding ReEncodeFont " <cm-super-ts1.enc <sfss0900.pfb
tcss1095 SFSS1095 " TS1Encoding ReEncodeFont " <cm-super-ts1.enc <sfss1095.pfb
tcss1200 SFSS1200 " TS1Encoding ReEncodeFont " <cm-super-ts1.enc <sfss1200.pfb
tcss1440 SFSS1440 " TS1Encoding ReEncodeFont " <cm-super-ts1.enc <sfss1440.pfb
tcss1728 SFSS1728 " TS1Encoding ReEncodeFont " <cm-super-ts1.enc <sfss1728.pfb
tcss2074 SFSS2074 " TS1Encoding ReEncodeFont " <cm-super-ts1.enc <sfss2074.pfb
tcss2488 SFSS2488 " TS1Encoding ReEncodeFont " <cm-super-ts1.enc <sfss2488.pfb
tcsx0800 SFSX0800 " TS1Encoding ReEncodeFont " <cm-super-ts1.enc <sfsx0800.pfb
tcsx0900 SFSX0900 " TS1Encoding ReEncodeFont " <cm-super-ts1.enc <sfsx0900.pfb
tcsx1095 SFSX1095 " TS1Encoding ReEncodeFont " <cm-super-ts1.enc <sfsx1095.pfb
tcsx1200 SFSX1200 " TS1Encoding ReEncodeFont " <cm-super-ts1.enc <sfsx1200.pfb
tcsx1440 SFSX1440 " TS1Encoding ReEncodeFont " <cm-super-ts1.enc <sfsx1440.pfb
tcsx1728 SFSX1728 " TS1Encoding ReEncodeFont " <cm-super-ts1.enc <sfsx1728.pfb
tcsx2074 SFSX2074 " TS1Encoding ReEncodeFont " <cm-super-ts1.enc <sfsx2074.pfb
tcsx2488 SFSX2488 " TS1Encoding ReEncodeFont " <cm-super-ts1.enc <sfsx2488.pfb
tcti0500 SFTI0500 " TS1Encoding ReEncodeFont " <cm-super-ts1.enc <sfti0500.pfb
tcti0600 SFTI0600 " TS1Encoding ReEncodeFont " <cm-super-ts1.enc <sfti0600.pfb
tcti0700 SFTI0700 " TS1Encoding ReEncodeFont " <cm-super-ts1.enc <sfti0700.pfb
tcti0800 SFTI0800 " TS1Encoding ReEncodeFont " <cm-super-ts1.enc <sfti0800.pfb
tcti0900 SFTI0900 " TS1Encoding ReEncodeFont " <cm-super-ts1.enc <sfti0900.pfb
tcti1095 SFTI1095 " TS1Encoding ReEncodeFont " <cm-super-ts1.enc <sfti1095.pfb
tcti1200 SFTI1200 " TS1Encoding ReEncodeFont " <cm-super-ts1.enc <sfti1200.pfb
tcti1440 SFTI1440 " TS1Encoding ReEncodeFont " <cm-super-ts1.enc <sfti1440.pfb
tcti1728 SFTI1728 " TS1Encoding ReEncodeFont " <cm-super-ts1.enc <sfti1728.pfb
tcti2074 SFTI2074 " TS1Encoding ReEncodeFont " <cm-super-ts1.enc <sfti2074.pfb
tcti2488 SFTI2488 " TS1Encoding ReEncodeFont " <cm-super-ts1.enc <sfti2488.pfb
rxbx0500 SFBX0500 " X2Encoding ReEncodeFont " <cm-super-x2.enc <sfbx0500.pfb
rxbx0600 SFBX0600 " X2Encoding ReEncodeFont " <cm-super-x2.enc <sfbx0600.pfb
rxbx0700 SFBX0700 " X2Encoding ReEncodeFont " <cm-super-x2.enc <sfbx0700.pfb
rxbx0800 SFBX0800 " X2Encoding ReEncodeFont " <cm-super-x2.enc <sfbx0800.pfb
rxbx0900 SFBX0900 " X2Encoding ReEncodeFont " <cm-super-x2.enc <sfbx0900.pfb
rxbx1095 SFBX1095 " X2Encoding ReEncodeFont " <cm-super-x2.enc <sfbx1095.pfb
rxbx1200 SFBX1200 " X2Encoding ReEncodeFont " <cm-super-x2.enc <sfbx1200.pfb
rxbx1440 SFBX1440 " X2Encoding ReEncodeFont " <cm-super-x2.enc <sfbx1440.pfb
rxbx1728 SFBX1728 " X2Encoding ReEncodeFont " <cm-super-x2.enc <sfbx1728.pfb
rxbx2074 SFBX2074 " X2Encoding ReEncodeFont " <cm-super-x2.enc <sfbx2074.pfb
rxbx2488 SFBX2488 " X2Encoding ReEncodeFont " <cm-super-x2.enc <sfbx2488.pfb
rxcc0500 SFCC0500 " X2Encoding ReEncodeFont " <cm-super-x2.enc <sfcc0500.pfb
rxcc0600 SFCC0600 " X2Encoding ReEncodeFont " <cm-super-x2.enc <sfcc0600.pfb
rxcc0700 SFCC0700 " X2Encoding ReEncodeFont " <cm-super-x2.enc <sfcc0700.pfb
rxcc0800 SFCC0800 " X2Encoding ReEncodeFont " <cm-super-x2.enc <sfcc0800.pfb
rxcc0900 SFCC0900 " X2Encoding ReEncodeFont " <cm-super-x2.enc <sfcc0900.pfb
rxcc1095 SFCC1095 " X2Encoding ReEncodeFont " <cm-super-x2.enc <sfcc1095.pfb
rxcc1200 SFCC1200 " X2Encoding ReEncodeFont " <cm-super-x2.enc <sfcc1200.pfb
rxcc1440 SFCC1440 " X2Encoding ReEncodeFont " <cm-super-x2.enc <sfcc1440.pfb
rxcc1728 SFCC1728 " X2Encoding ReEncodeFont " <cm-super-x2.enc <sfcc1728.pfb
rxcc2074 SFCC2074 " X2Encoding ReEncodeFont " <cm-super-x2.enc <sfcc2074.pfb
rxcc2488 SFCC2488 " X2Encoding ReEncodeFont " <cm-super-x2.enc <sfcc2488.pfb
rxrm0500 SFRM0500 " X2Encoding ReEncodeFont " <cm-super-x2.enc <sfrm0500.pfb
rxrm0600 SFRM0600 " X2Encoding ReEncodeFont " <cm-super-x2.enc <sfrm0600.pfb
rxrm0700 SFRM0700 " X2Encoding ReEncodeFont " <cm-super-x2.enc <sfrm0700.pfb
rxrm0800 SFRM0800 " X2Encoding ReEncodeFont " <cm-super-x2.enc <sfrm0800.pfb
rxrm0900 SFRM0900 " X2Encoding ReEncodeFont " <cm-super-x2.enc <sfrm0900.pfb
rxrm1095 SFRM1095 " X2Encoding ReEncodeFont " <cm-super-x2.enc <sfrm1095.pfb
rxrm1200 SFRM1200 " X2Encoding ReEncodeFont " <cm-super-x2.enc <sfrm1200.pfb
rxrm1440 SFRM1440 " X2Encoding ReEncodeFont " <cm-super-x2.enc <sfrm1440.pfb
rxrm1728 SFRM1728 " X2Encoding ReEncodeFont " <cm-super-x2.enc <sfrm1728.pfb
rxrm2074 SFRM2074 " X2Encoding ReEncodeFont " <cm-super-x2.enc <sfrm2074.pfb
rxrm2488 SFRM2488 " X2Encoding ReEncodeFont " <cm-super-x2.enc <sfrm2488.pfb
rxsi0800 SFSI0800 " X2Encoding ReEncodeFont " <cm-super-x2.enc <sfsi0800.pfb
rxsi0900 SFSI0900 " X2Encoding ReEncodeFont " <cm-super-x2.enc <sfsi0900.pfb
rxsi1095 SFSI1095 " X2Encoding ReEncodeFont " <cm-super-x2.enc <sfsi1095.pfb
rxsi1200 SFSI1200 " X2Encoding ReEncodeFont " <cm-super-x2.enc <sfsi1200.pfb
rxsi1440 SFSI1440 " X2Encoding ReEncodeFont " <cm-super-x2.enc <sfsi1440.pfb
rxsi1728 SFSI1728 " X2Encoding ReEncodeFont " <cm-super-x2.enc <sfsi1728.pfb
rxsi2074 SFSI2074 " X2Encoding ReEncodeFont " <cm-super-x2.enc <sfsi2074.pfb
rxsi2488 SFSI2488 " X2Encoding ReEncodeFont " <cm-super-x2.enc <sfsi2488.pfb
rxss0500 SFSS0500 " X2Encoding ReEncodeFont " <cm-super-x2.enc <sfss0500.pfb
rxss0600 SFSS0600 " X2Encoding ReEncodeFont " <cm-super-x2.enc <sfss0600.pfb
rxss0700 SFSS0700 " X2Encoding ReEncodeFont " <cm-super-x2.enc <sfss0700.pfb
rxss0800 SFSS0800 " X2Encoding ReEncodeFont " <cm-super-x2.enc <sfss0800.pfb
rxss0900 SFSS0900 " X2Encoding ReEncodeFont " <cm-super-x2.enc <sfss0900.pfb
rxss1095 SFSS1095 " X2Encoding ReEncodeFont " <cm-super-x2.enc <sfss1095.pfb
rxss1200 SFSS1200 " X2Encoding ReEncodeFont " <cm-super-x2.enc <sfss1200.pfb
rxss1440 SFSS1440 " X2Encoding ReEncodeFont " <cm-super-x2.enc <sfss1440.pfb
rxss1728 SFSS1728 " X2Encoding ReEncodeFont " <cm-super-x2.enc <sfss1728.pfb
rxss2074 SFSS2074 " X2Encoding ReEncodeFont " <cm-super-x2.enc <sfss2074.pfb
rxss2488 SFSS2488 " X2Encoding ReEncodeFont " <cm-super-x2.enc <sfss2488.pfb
rxsx0800 SFSX0800 " X2Encoding ReEncodeFont " <cm-super-x2.enc <sfsx0800.pfb
rxsx0900 SFSX0900 " X2Encoding ReEncodeFont " <cm-super-x2.enc <sfsx0900.pfb
rxsx1095 SFSX1095 " X2Encoding ReEncodeFont " <cm-super-x2.enc <sfsx1095.pfb
rxsx1200 SFSX1200 " X2Encoding ReEncodeFont " <cm-super-x2.enc <sfsx1200.pfb
rxsx1440 SFSX1440 " X2Encoding ReEncodeFont " <cm-super-x2.enc <sfsx1440.pfb
rxsx1728 SFSX1728 " X2Encoding ReEncodeFont " <cm-super-x2.enc <sfsx1728.pfb
rxsx2074 SFSX2074 " X2Encoding ReEncodeFont " <cm-super-x2.enc <sfsx2074.pfb
rxsx2488 SFSX2488 " X2Encoding ReEncodeFont " <cm-super-x2.enc <sfsx2488.pfb
rxti0500 SFTI0500 " X2Encoding ReEncodeFont " <cm-super-x2.enc <sfti0500.pfb
rxti0600 SFTI0600 " X2Encoding ReEncodeFont " <cm-super-x2.enc <sfti0600.pfb
rxti0700 SFTI0700 " X2Encoding ReEncodeFont " <cm-super-x2.enc <sfti0700.pfb
rxti0800 SFTI0800 " X2Encoding ReEncodeFont " <cm-super-x2.enc <sfti0800.pfb
rxti0900 SFTI0900 " X2Encoding ReEncodeFont " <cm-super-x2.enc <sfti0900.pfb
rxti1095 SFTI1095 " X2Encoding ReEncodeFont " <cm-super-x2.enc <sfti1095.pfb
rxti1200 SFTI1200 " X2Encoding ReEncodeFont " <cm-super-x2.enc <sfti1200.pfb
rxti1440 SFTI1440 " X2Encoding ReEncodeFont " <cm-super-x2.enc <sfti1440.pfb
rxti1728 SFTI1728 " X2Encoding ReEncodeFont " <cm-super-x2.enc <sfti1728.pfb
rxti2074 SFTI2074 " X2Encoding ReEncodeFont " <cm-super-x2.enc <sfti2074.pfb
rxti2488 SFTI2488 " X2Encoding ReEncodeFont " <cm-super-x2.enc <sfti2488.pfb
rxxc2488 SFXC2488 " X2Encoding ReEncodeFont " <cm-super-x2.enc <sfxc2488.pfb
ecbx1000 SFBX1000 " T1Encoding ReEncodeFont " <cm-super-t1.enc <sfbx1000.pfb
eccc1000 SFCC1000 " T1Encoding ReEncodeFont " <cm-super-t1.enc <sfcc1000.pfb
ecrm1000 SFRM1000 " T1Encoding ReEncodeFont " <cm-super-t1.enc <sfrm1000.pfb
ecsi1000 SFSI1000 " T1Encoding ReEncodeFont " <cm-super-t1.enc <sfsi1000.pfb
ecss1000 SFSS1000 " T1Encoding ReEncodeFont " <cm-super-t1.enc <sfss1000.pfb
ecsx1000 SFSX1000 " T1Encoding ReEncodeFont " <cm-super-t1.enc <sfsx1000.pfb
ecti1000 SFTI1000 " T1Encoding ReEncodeFont " <cm-super-t1.enc <sfti1000.pfb
labx1000 SFBX1000 " T2AEncoding ReEncodeFont " <cm-super-t2a.enc <sfbx1000.pfb
lacc1000 SFCC1000 " T2AEncoding ReEncodeFont " <cm-super-t2a.enc <sfcc1000.pfb
larm1000 SFRM1000 " T2AEncoding ReEncodeFont " <cm-super-t2a.enc <sfrm1000.pfb
lasi1000 SFSI1000 " T2AEncoding ReEncodeFont " <cm-super-t2a.enc <sfsi1000.pfb
lass1000 SFSS1000 " T2AEncoding ReEncodeFont " <cm-super-t2a.enc <sfss1000.pfb
lasx1000 SFSX1000 " T2AEncoding ReEncodeFont " <cm-super-t2a.enc <sfsx1000.pfb
lati1000 SFTI1000 " T2AEncoding ReEncodeFont " <cm-super-t2a.enc <sfti1000.pfb
lbbx1000 SFBX1000 " T2BEncoding ReEncodeFont " <cm-super-t2b.enc <sfbx1000.pfb
lbcc1000 SFCC1000 " T2BEncoding ReEncodeFont " <cm-super-t2b.enc <sfcc1000.pfb
lbrm1000 SFRM1000 " T2BEncoding ReEncodeFont " <cm-super-t2b.enc <sfrm1000.pfb
lbsi1000 SFSI1000 " T2BEncoding ReEncodeFont " <cm-super-t2b.enc <sfsi1000.pfb
lbss1000 SFSS1000 " T2BEncoding ReEncodeFont " <cm-super-t2b.enc <sfss1000.pfb
lbsx1000 SFSX1000 " T2BEncoding ReEncodeFont " <cm-super-t2b.enc <sfsx1000.pfb
lbti1000 SFTI1000 " T2BEncoding ReEncodeFont " <cm-super-t2b.enc <sfti1000.pfb
lcbx1000 SFBX1000 " T2CEncoding ReEncodeFont " <cm-super-t2c.enc <sfbx1000.pfb
lccc1000 SFCC1000 " T2CEncoding ReEncodeFont " <cm-super-t2c.enc <sfcc1000.pfb
lcrm1000 SFRM1000 " T2CEncoding ReEncodeFont " <cm-super-t2c.enc <sfrm1000.pfb
lcsi1000 SFSI1000 " T2CEncoding ReEncodeFont " <cm-super-t2c.enc <sfsi1000.pfb
lcss1000 SFSS1000 " T2CEncoding ReEncodeFont " <cm-super-t2c.enc <sfss1000.pfb
lcsx1000 SFSX1000 " T2CEncoding ReEncodeFont " <cm-super-t2c.enc <sfsx1000.pfb
lcti1000 SFTI1000 " T2CEncoding ReEncodeFont " <cm-super-t2c.enc <sfti1000.pfb
tcbx1000 SFBX1000 " TS1Encoding ReEncodeFont " <cm-super-ts1.enc <sfbx1000.pfb
tcrm1000 SFRM1000 " TS1Encoding ReEncodeFont " <cm-super-ts1.enc <sfrm1000.pfb
tcsi1000 SFSI1000 " TS1Encoding ReEncodeFont " <cm-super-ts1.enc <sfsi1000.pfb
tcss1000 SFSS1000 " TS1Encoding ReEncodeFont " <cm-super-ts1.enc <sfss1000.pfb
tcsx1000 SFSX1000 " TS1Encoding ReEncodeFont " <cm-super-ts1.enc <sfsx1000.pfb
tcti1000 SFTI1000 " TS1Encoding ReEncodeFont " <cm-super-ts1.enc <sfti1000.pfb
rxbx1000 SFBX1000 " X2Encoding ReEncodeFont " <cm-super-x2.enc <sfbx1000.pfb
rxcc1000 SFCC1000 " X2Encoding ReEncodeFont " <cm-super-x2.enc <sfcc1000.pfb
rxrm1000 SFRM1000 " X2Encoding ReEncodeFont " <cm-super-x2.enc <sfrm1000.pfb
rxsi1000 SFSI1000 " X2Encoding ReEncodeFont " <cm-super-x2.enc <sfsi1000.pfb
rxss1000 SFSS1000 " X2Encoding ReEncodeFont " <cm-super-x2.enc <sfss1000.pfb
rxsx1000 SFSX1000 " X2Encoding ReEncodeFont " <cm-super-x2.enc <sfsx1000.pfb
rxti1000 SFTI1000 " X2Encoding ReEncodeFont " <cm-super-x2.enc <sfti1000.pfb
cmmi10 CMMI10 <cmmi10.pfb
cmmi12 CMMI12 <cmmi12.pfb
cmmi5 CMMI5 <cmmi5.pfb
cmmi6 CMMI6 <cmmi6.pfb
cmmi7 CMMI7 <cmmi7.pfb
cmmi8 CMMI8 <cmmi8.pfb
cmmi9 CMMI9 <cmmi9.pfb
cmr10 CMR10 <cmr10.pfb
cmr12 CMR12 <cmr12.pfb
cmr17 CMR17 <cmr17.pfb
cmr6 CMR6 <cmr6.pfb
cmr8 CMR8 <cmr8.pfb
cmr9 CMR9 <cmr9.pfb
cmsy10 CMSY10 <cmsy10.pfb
cmsy5 CMSY5 <cmsy5.pfb
cmsy6 CMSY6 <cmsy6.pfb
cmsy7 CMSY7 <cmsy7.pfb
cmsy8 CMSY8 <cmsy8.pfb
cmsy9 CMSY9 <cmsy9.pfb
lasy10 LASY10 <lasy10.pfb
lasy5 LASY5 <lasy5.pfb
lasy6 LASY6 <lasy6.pfb
lasy7 LASY7 <lasy7.pfb
lasy8 LASY8 <lasy8.pfb
lasy9 LASY9 <lasy9.pfb
